
==========================================================================
floorplan final report_tns
--------------------------------------------------------------------------
tns max 0.00

==========================================================================
floorplan final report_wns
--------------------------------------------------------------------------
wns max 0.00

==========================================================================
floorplan final report_worst_slack
--------------------------------------------------------------------------
worst slack max 12.52

==========================================================================
floorplan final report_clock_min_period
--------------------------------------------------------------------------
clk period_min = 3.10 fmax = 322.38

==========================================================================
floorplan final report_checks -path_delay min
--------------------------------------------------------------------------
Startpoint: done$_SDFFE_PN0P_ (rising edge-triggered flip-flop clocked by clk)
Endpoint: done$_SDFFE_PN0P_ (rising edge-triggered flip-flop clocked by clk)
Path Group: clk
Path Type: min

Fanout     Cap    Slew   Delay    Time   Description
-----------------------------------------------------------------------------
                  0.00    0.00    0.00   clock clk (rise edge)
                          0.00    0.00   clock network delay (ideal)
                  0.00    0.00    0.00 ^ done$_SDFFE_PN0P_/CLK (sg13g2_dfrbpq_1)
     2    0.01    0.03    0.16    0.16 v done$_SDFFE_PN0P_/Q (sg13g2_dfrbpq_1)
                                         done (net)
                  0.03    0.00    0.16 v _1147_/A (sg13g2_inv_1)
     1    0.00    0.02    0.03    0.18 ^ _1147_/Y (sg13g2_inv_1)
                                         _0564_ (net)
                  0.02    0.00    0.18 ^ _1148_/B2 (sg13g2_a221oi_1)
     1    0.00    0.04    0.05    0.24 v _1148_/Y (sg13g2_a221oi_1)
                                         _0036_ (net)
                  0.04    0.00    0.24 v done$_SDFFE_PN0P_/D (sg13g2_dfrbpq_1)
                                  0.24   data arrival time

                  0.00    0.00    0.00   clock clk (rise edge)
                          0.00    0.00   clock network delay (ideal)
                          0.20    0.20   clock uncertainty
                          0.00    0.20   clock reconvergence pessimism
                                  0.20 ^ done$_SDFFE_PN0P_/CLK (sg13g2_dfrbpq_1)
                         -0.04    0.16   library hold time
                                  0.16   data required time
-----------------------------------------------------------------------------
                                  0.16   data required time
                                 -0.24   data arrival time
-----------------------------------------------------------------------------
                                  0.08   slack (MET)



==========================================================================
floorplan final report_checks -path_delay max
--------------------------------------------------------------------------
Startpoint: ena (input port clocked by clk)
Endpoint: x_reg[8]$_SDFFE_PN0P_ (rising edge-triggered flip-flop clocked by clk)
Path Group: clk
Path Type: max

Fanout     Cap    Slew   Delay    Time   Description
-----------------------------------------------------------------------------
                  0.00    0.00    0.00   clock clk (rise edge)
                          0.00    0.00   clock network delay (ideal)
                          2.00    2.00 ^ input external delay
     1    0.00    0.00    0.00    2.00 ^ ena (in)
                                         ena (net)
                  0.00    0.00    2.00 ^ _0606_/A (sg13g2_buf_1)
     9    0.03    0.12    0.12    2.12 ^ _0606_/X (sg13g2_buf_1)
                                         _0059_ (net)
                  0.12    0.00    2.12 ^ _0607_/A (sg13g2_inv_1)
     5    0.01    0.07    0.09    2.21 v _0607_/Y (sg13g2_inv_1)
                                         _0060_ (net)
                  0.07    0.00    2.21 v _0608_/B (sg13g2_nor2_1)
     3    0.01    0.10    0.10    2.31 ^ _0608_/Y (sg13g2_nor2_1)
                                         _0061_ (net)
                  0.10    0.00    2.31 ^ _0609_/A (sg13g2_buf_2)
    10    0.03    0.07    0.14    2.45 ^ _0609_/X (sg13g2_buf_2)
                                         _0062_ (net)
                  0.07    0.00    2.45 ^ _0679_/A (sg13g2_nand3_1)
     1    0.00    0.06    0.07    2.52 v _0679_/Y (sg13g2_nand3_1)
                                         _0132_ (net)
                  0.06    0.00    2.52 v _0734_/A1 (sg13g2_a21o_1)
     1    0.00    0.03    0.11    2.64 v _0734_/X (sg13g2_a21o_1)
                                         _0187_ (net)
                  0.03    0.00    2.64 v _0744_/B (sg13g2_nand4_1)
     1    0.00    0.04    0.04    2.68 ^ _0744_/Y (sg13g2_nand4_1)
                                         _0197_ (net)
                  0.04    0.00    2.68 ^ _0757_/B (sg13g2_and3_1)
     1    0.00    0.03    0.11    2.78 ^ _0757_/X (sg13g2_and3_1)
                                         _0000_ (net)
                  0.03    0.00    2.78 ^ x_reg[8]$_SDFFE_PN0P_/D (sg13g2_dfrbpq_1)
                                  2.78   data arrival time

                  0.00   15.62   15.62   clock clk (rise edge)
                          0.00   15.62   clock network delay (ideal)
                         -0.20   15.43   clock uncertainty
                          0.00   15.43   clock reconvergence pessimism
                                 15.43 ^ x_reg[8]$_SDFFE_PN0P_/CLK (sg13g2_dfrbpq_1)
                         -0.12   15.31   library setup time
                                 15.31   data required time
-----------------------------------------------------------------------------
                                 15.31   data required time
                                 -2.78   data arrival time
-----------------------------------------------------------------------------
                                 12.52   slack (MET)



==========================================================================
floorplan final report_checks -unconstrained
--------------------------------------------------------------------------
Startpoint: ena (input port clocked by clk)
Endpoint: x_reg[8]$_SDFFE_PN0P_ (rising edge-triggered flip-flop clocked by clk)
Path Group: clk
Path Type: max

Fanout     Cap    Slew   Delay    Time   Description
-----------------------------------------------------------------------------
                  0.00    0.00    0.00   clock clk (rise edge)
                          0.00    0.00   clock network delay (ideal)
                          2.00    2.00 ^ input external delay
     1    0.00    0.00    0.00    2.00 ^ ena (in)
                                         ena (net)
                  0.00    0.00    2.00 ^ _0606_/A (sg13g2_buf_1)
     9    0.03    0.12    0.12    2.12 ^ _0606_/X (sg13g2_buf_1)
                                         _0059_ (net)
                  0.12    0.00    2.12 ^ _0607_/A (sg13g2_inv_1)
     5    0.01    0.07    0.09    2.21 v _0607_/Y (sg13g2_inv_1)
                                         _0060_ (net)
                  0.07    0.00    2.21 v _0608_/B (sg13g2_nor2_1)
     3    0.01    0.10    0.10    2.31 ^ _0608_/Y (sg13g2_nor2_1)
                                         _0061_ (net)
                  0.10    0.00    2.31 ^ _0609_/A (sg13g2_buf_2)
    10    0.03    0.07    0.14    2.45 ^ _0609_/X (sg13g2_buf_2)
                                         _0062_ (net)
                  0.07    0.00    2.45 ^ _0679_/A (sg13g2_nand3_1)
     1    0.00    0.06    0.07    2.52 v _0679_/Y (sg13g2_nand3_1)
                                         _0132_ (net)
                  0.06    0.00    2.52 v _0734_/A1 (sg13g2_a21o_1)
     1    0.00    0.03    0.11    2.64 v _0734_/X (sg13g2_a21o_1)
                                         _0187_ (net)
                  0.03    0.00    2.64 v _0744_/B (sg13g2_nand4_1)
     1    0.00    0.04    0.04    2.68 ^ _0744_/Y (sg13g2_nand4_1)
                                         _0197_ (net)
                  0.04    0.00    2.68 ^ _0757_/B (sg13g2_and3_1)
     1    0.00    0.03    0.11    2.78 ^ _0757_/X (sg13g2_and3_1)
                                         _0000_ (net)
                  0.03    0.00    2.78 ^ x_reg[8]$_SDFFE_PN0P_/D (sg13g2_dfrbpq_1)
                                  2.78   data arrival time

                  0.00   15.62   15.62   clock clk (rise edge)
                          0.00   15.62   clock network delay (ideal)
                         -0.20   15.43   clock uncertainty
                          0.00   15.43   clock reconvergence pessimism
                                 15.43 ^ x_reg[8]$_SDFFE_PN0P_/CLK (sg13g2_dfrbpq_1)
                         -0.12   15.31   library setup time
                                 15.31   data required time
-----------------------------------------------------------------------------
                                 15.31   data required time
                                 -2.78   data arrival time
-----------------------------------------------------------------------------
                                 12.52   slack (MET)



==========================================================================
floorplan final report_power
--------------------------------------------------------------------------
Group                  Internal  Switching    Leakage      Total
                          Power      Power      Power      Power (Watts)
----------------------------------------------------------------
Sequential             1.36e-04   1.16e-06   1.73e-08   1.37e-04  61.8%
Combinational          4.40e-05   4.08e-05   9.64e-08   8.49e-05  38.2%
Clock                  0.00e+00   0.00e+00   0.00e+00   0.00e+00   0.0%
Macro                  0.00e+00   0.00e+00   0.00e+00   0.00e+00   0.0%
Pad                    0.00e+00   0.00e+00   0.00e+00   0.00e+00   0.0%
----------------------------------------------------------------
Total                  1.80e-04   4.20e-05   1.14e-07   2.22e-04 100.0%
                          81.1%      18.9%       0.1%
