
==========================================================================
detailed place report_tns
--------------------------------------------------------------------------
tns max 0.00

==========================================================================
detailed place report_wns
--------------------------------------------------------------------------
wns max 0.00

==========================================================================
detailed place report_worst_slack
--------------------------------------------------------------------------
worst slack max 12.03

==========================================================================
detailed place report_clock_min_period
--------------------------------------------------------------------------
clk period_min = 3.60 fmax = 277.81

==========================================================================
detailed place report_checks -path_delay min
--------------------------------------------------------------------------
Startpoint: iter_cnt[0]$_SDFFE_PN0P_
            (rising edge-triggered flip-flop clocked by clk)
Endpoint: iter_cnt[0]$_SDFFE_PN0P_
          (rising edge-triggered flip-flop clocked by clk)
Path Group: clk
Path Type: min

Fanout     Cap    Slew   Delay    Time   Description
-----------------------------------------------------------------------------
                  0.00    0.00    0.00   clock clk (rise edge)
                          0.00    0.00   clock network delay (ideal)
                  0.00    0.00    0.00 ^ iter_cnt[0]$_SDFFE_PN0P_/CLK (sg13g2_dfrbpq_1)
     3    0.01    0.04    0.17    0.17 v iter_cnt[0]$_SDFFE_PN0P_/Q (sg13g2_dfrbpq_1)
                                         iter_cnt[0] (net)
                  0.04    0.00    0.17 v _1099_/A1 (sg13g2_a21oi_1)
     1    0.00    0.04    0.07    0.24 ^ _1099_/Y (sg13g2_a21oi_1)
                                         _0523_ (net)
                  0.04    0.00    0.24 ^ _1100_/B (sg13g2_nor2_1)
     1    0.00    0.02    0.03    0.27 v _1100_/Y (sg13g2_nor2_1)
                                         _0029_ (net)
                  0.02    0.00    0.27 v iter_cnt[0]$_SDFFE_PN0P_/D (sg13g2_dfrbpq_1)
                                  0.27   data arrival time

                  0.00    0.00    0.00   clock clk (rise edge)
                          0.00    0.00   clock network delay (ideal)
                          0.20    0.20   clock uncertainty
                          0.00    0.20   clock reconvergence pessimism
                                  0.20 ^ iter_cnt[0]$_SDFFE_PN0P_/CLK (sg13g2_dfrbpq_1)
                         -0.04    0.16   library hold time
                                  0.16   data required time
-----------------------------------------------------------------------------
                                  0.16   data required time
                                 -0.27   data arrival time
-----------------------------------------------------------------------------
                                  0.11   slack (MET)



==========================================================================
detailed place report_checks -path_delay max
--------------------------------------------------------------------------
Startpoint: ena (input port clocked by clk)
Endpoint: y_reg[4]$_SDFFE_PN0P_ (rising edge-triggered flip-flop clocked by clk)
Path Group: clk
Path Type: max

Fanout     Cap    Slew   Delay    Time   Description
-----------------------------------------------------------------------------
                  0.00    0.00    0.00   clock clk (rise edge)
                          0.00    0.00   clock network delay (ideal)
                          2.00    2.00 ^ input external delay
     1    0.01    0.00    0.00    2.00 ^ ena (in)
                                         ena (net)
                  0.00    0.00    2.00 ^ input53/A (sg13g2_buf_1)
     2    0.01    0.03    0.06    2.06 ^ input53/X (sg13g2_buf_1)
                                         net52 (net)
                  0.03    0.00    2.06 ^ place269/A (sg13g2_buf_1)
     8    0.06    0.26    0.23    2.29 ^ place269/X (sg13g2_buf_1)
                                         net268 (net)
                  0.26    0.00    2.29 ^ _0735_/B (sg13g2_nand2_1)
     6    0.04    0.25    0.30    2.59 v _0735_/Y (sg13g2_nand2_1)
                                         _0188_ (net)
                  0.25    0.00    2.59 v place224/A (sg13g2_buf_1)
     8    0.05    0.15    0.23    2.81 v place224/X (sg13g2_buf_1)
                                         net223 (net)
                  0.15    0.01    2.82 v place223/A (sg13g2_buf_1)
     8    0.03    0.10    0.17    2.99 v place223/X (sg13g2_buf_1)
                                         net222 (net)
                  0.10    0.00    2.99 v _0939_/A1 (sg13g2_o21ai_1)
     1    0.00    0.08    0.12    3.11 ^ _0939_/Y (sg13g2_o21ai_1)
                                         _0379_ (net)
                  0.08    0.00    3.11 ^ _0941_/A2 (sg13g2_a22oi_1)
     1    0.00    0.08    0.09    3.20 v _0941_/Y (sg13g2_a22oi_1)
                                         _0381_ (net)
                  0.08    0.00    3.20 v _0942_/B (sg13g2_nor2_1)
     1    0.00    0.06    0.07    3.27 ^ _0942_/Y (sg13g2_nor2_1)
                                         _0013_ (net)
                  0.06    0.00    3.27 ^ y_reg[4]$_SDFFE_PN0P_/D (sg13g2_dfrbpq_1)
                                  3.27   data arrival time

                  0.00   15.62   15.62   clock clk (rise edge)
                          0.00   15.62   clock network delay (ideal)
                         -0.20   15.43   clock uncertainty
                          0.00   15.43   clock reconvergence pessimism
                                 15.43 ^ y_reg[4]$_SDFFE_PN0P_/CLK (sg13g2_dfrbpq_1)
                         -0.13   15.30   library setup time
                                 15.30   data required time
-----------------------------------------------------------------------------
                                 15.30   data required time
                                 -3.27   data arrival time
-----------------------------------------------------------------------------
                                 12.03   slack (MET)



==========================================================================
detailed place report_checks -unconstrained
--------------------------------------------------------------------------
Startpoint: ena (input port clocked by clk)
Endpoint: y_reg[4]$_SDFFE_PN0P_ (rising edge-triggered flip-flop clocked by clk)
Path Group: clk
Path Type: max

Fanout     Cap    Slew   Delay    Time   Description
-----------------------------------------------------------------------------
                  0.00    0.00    0.00   clock clk (rise edge)
                          0.00    0.00   clock network delay (ideal)
                          2.00    2.00 ^ input external delay
     1    0.01    0.00    0.00    2.00 ^ ena (in)
                                         ena (net)
                  0.00    0.00    2.00 ^ input53/A (sg13g2_buf_1)
     2    0.01    0.03    0.06    2.06 ^ input53/X (sg13g2_buf_1)
                                         net52 (net)
                  0.03    0.00    2.06 ^ place269/A (sg13g2_buf_1)
     8    0.06    0.26    0.23    2.29 ^ place269/X (sg13g2_buf_1)
                                         net268 (net)
                  0.26    0.00    2.29 ^ _0735_/B (sg13g2_nand2_1)
     6    0.04    0.25    0.30    2.59 v _0735_/Y (sg13g2_nand2_1)
                                         _0188_ (net)
                  0.25    0.00    2.59 v place224/A (sg13g2_buf_1)
     8    0.05    0.15    0.23    2.81 v place224/X (sg13g2_buf_1)
                                         net223 (net)
                  0.15    0.01    2.82 v place223/A (sg13g2_buf_1)
     8    0.03    0.10    0.17    2.99 v place223/X (sg13g2_buf_1)
                                         net222 (net)
                  0.10    0.00    2.99 v _0939_/A1 (sg13g2_o21ai_1)
     1    0.00    0.08    0.12    3.11 ^ _0939_/Y (sg13g2_o21ai_1)
                                         _0379_ (net)
                  0.08    0.00    3.11 ^ _0941_/A2 (sg13g2_a22oi_1)
     1    0.00    0.08    0.09    3.20 v _0941_/Y (sg13g2_a22oi_1)
                                         _0381_ (net)
                  0.08    0.00    3.20 v _0942_/B (sg13g2_nor2_1)
     1    0.00    0.06    0.07    3.27 ^ _0942_/Y (sg13g2_nor2_1)
                                         _0013_ (net)
                  0.06    0.00    3.27 ^ y_reg[4]$_SDFFE_PN0P_/D (sg13g2_dfrbpq_1)
                                  3.27   data arrival time

                  0.00   15.62   15.62   clock clk (rise edge)
                          0.00   15.62   clock network delay (ideal)
                         -0.20   15.43   clock uncertainty
                          0.00   15.43   clock reconvergence pessimism
                                 15.43 ^ y_reg[4]$_SDFFE_PN0P_/CLK (sg13g2_dfrbpq_1)
                         -0.13   15.30   library setup time
                                 15.30   data required time
-----------------------------------------------------------------------------
                                 15.30   data required time
                                 -3.27   data arrival time
-----------------------------------------------------------------------------
                                 12.03   slack (MET)



==========================================================================
detailed place report_check_types -max_slew -max_cap -max_fanout -violators
--------------------------------------------------------------------------

==========================================================================
detailed place max_slew_check_slack
--------------------------------------------------------------------------
2.075772285461426

==========================================================================
detailed place max_slew_check_limit
--------------------------------------------------------------------------
2.5074000358581543

==========================================================================
detailed place max_slew_check_slack_limit
--------------------------------------------------------------------------
0.8279

==========================================================================
detailed place max_fanout_check_slack
--------------------------------------------------------------------------
0.0

==========================================================================
detailed place max_fanout_check_limit
--------------------------------------------------------------------------
8.0

==========================================================================
detailed place max_fanout_check_slack_limit
--------------------------------------------------------------------------
0.0000

==========================================================================
detailed place max_capacitance_check_slack
--------------------------------------------------------------------------
0.2379491776227951

==========================================================================
detailed place max_capacitance_check_limit
--------------------------------------------------------------------------
0.30000001192092896

==========================================================================
detailed place max_capacitance_check_slack_limit
--------------------------------------------------------------------------
0.7932

==========================================================================
detailed place max_slew_violation_count
--------------------------------------------------------------------------
max slew violation count 0

==========================================================================
detailed place max_fanout_violation_count
--------------------------------------------------------------------------
max fanout violation count 0

==========================================================================
detailed place max_cap_violation_count
--------------------------------------------------------------------------
max cap violation count 0

==========================================================================
detailed place setup_violation_count
--------------------------------------------------------------------------
setup violation count 0

==========================================================================
detailed place hold_violation_count
--------------------------------------------------------------------------
hold violation count 0

==========================================================================
detailed place report_checks -path_delay max reg to reg
--------------------------------------------------------------------------
Startpoint: iter_cnt[1]$_SDFFE_PN0P_
            (rising edge-triggered flip-flop clocked by clk)
Endpoint: x_reg[8]$_SDFFE_PN0P_ (rising edge-triggered flip-flop clocked by clk)
Path Group: clk
Path Type: max

  Delay    Time   Description
---------------------------------------------------------
   0.00    0.00   clock clk (rise edge)
   0.00    0.00   clock network delay (ideal)
   0.00    0.00 ^ iter_cnt[1]$_SDFFE_PN0P_/CLK (sg13g2_dfrbpq_1)
   0.22    0.22 ^ iter_cnt[1]$_SDFFE_PN0P_/Q (sg13g2_dfrbpq_1)
   0.23    0.45 ^ place255/X (sg13g2_buf_1)
   0.22    0.67 ^ place254/X (sg13g2_buf_1)
   0.27    0.94 ^ place253/X (sg13g2_buf_1)
   0.21    1.15 v _0640_/X (sg13g2_mux4_1)
   0.11    1.26 ^ _0655_/Y (sg13g2_nand2_1)
   0.22    1.48 v _0656_/Y (sg13g2_nand3b_1)
   0.29    1.77 ^ _0665_/Y (sg13g2_nor4_2)
   0.24    2.01 v _0666_/Y (sg13g2_nand4_1)
   0.17    2.18 v _0667_/X (sg13g2_mux2_1)
   0.12    2.30 v _0670_/Y (sg13g2_nand2b_2)
   0.18    2.48 v place212/X (sg13g2_buf_1)
   0.15    2.63 v _0753_/X (sg13g2_and4_1)
   0.09    2.71 ^ _0755_/Y (sg13g2_nor3_2)
   0.14    2.86 v _0756_/Y (sg13g2_nand4_1)
   0.12    2.98 v _0757_/X (sg13g2_and3_1)
   0.00    2.98 v x_reg[8]$_SDFFE_PN0P_/D (sg13g2_dfrbpq_1)
           2.98   data arrival time

  15.62   15.62   clock clk (rise edge)
   0.00   15.62   clock network delay (ideal)
  -0.20   15.43   clock uncertainty
   0.00   15.43   clock reconvergence pessimism
          15.43 ^ x_reg[8]$_SDFFE_PN0P_/CLK (sg13g2_dfrbpq_1)
  -0.12   15.31   library setup time
          15.31   data required time
---------------------------------------------------------
          15.31   data required time
          -2.98   data arrival time
---------------------------------------------------------
          12.33   slack (MET)



==========================================================================
detailed place report_checks -path_delay min reg to reg
--------------------------------------------------------------------------
Startpoint: iter_cnt[0]$_SDFFE_PN0P_
            (rising edge-triggered flip-flop clocked by clk)
Endpoint: iter_cnt[0]$_SDFFE_PN0P_
          (rising edge-triggered flip-flop clocked by clk)
Path Group: clk
Path Type: min

  Delay    Time   Description
---------------------------------------------------------
   0.00    0.00   clock clk (rise edge)
   0.00    0.00   clock network delay (ideal)
   0.00    0.00 ^ iter_cnt[0]$_SDFFE_PN0P_/CLK (sg13g2_dfrbpq_1)
   0.17    0.17 v iter_cnt[0]$_SDFFE_PN0P_/Q (sg13g2_dfrbpq_1)
   0.07    0.24 ^ _1099_/Y (sg13g2_a21oi_1)
   0.03    0.27 v _1100_/Y (sg13g2_nor2_1)
   0.00    0.27 v iter_cnt[0]$_SDFFE_PN0P_/D (sg13g2_dfrbpq_1)
           0.27   data arrival time

   0.00    0.00   clock clk (rise edge)
   0.00    0.00   clock network delay (ideal)
   0.20    0.20   clock uncertainty
   0.00    0.20   clock reconvergence pessimism
           0.20 ^ iter_cnt[0]$_SDFFE_PN0P_/CLK (sg13g2_dfrbpq_1)
  -0.04    0.16   library hold time
           0.16   data required time
---------------------------------------------------------
           0.16   data required time
          -0.27   data arrival time
---------------------------------------------------------
           0.11   slack (MET)



==========================================================================
detailed place critical path target clock latency max path
--------------------------------------------------------------------------
0.0000

==========================================================================
detailed place critical path target clock latency min path
--------------------------------------------------------------------------
0.0000

==========================================================================
detailed place critical path source clock latency min path
--------------------------------------------------------------------------
0.0000

==========================================================================
detailed place critical path delay
--------------------------------------------------------------------------
3.2715

==========================================================================
detailed place critical path slack
--------------------------------------------------------------------------
12.0255

==========================================================================
detailed place slack div critical path delay
--------------------------------------------------------------------------
367.583677

==========================================================================
detailed place report_power
--------------------------------------------------------------------------
Group                  Internal  Switching    Leakage      Total
                          Power      Power      Power      Power (Watts)
----------------------------------------------------------------
Sequential             1.36e-04   5.41e-06   1.73e-08   1.42e-04  60.8%
Combinational          3.71e-05   5.44e-05   7.94e-08   9.15e-05  39.2%
Clock                  0.00e+00   0.00e+00   0.00e+00   0.00e+00   0.0%
Macro                  0.00e+00   0.00e+00   0.00e+00   0.00e+00   0.0%
Pad                    0.00e+00   0.00e+00   0.00e+00   0.00e+00   0.0%
----------------------------------------------------------------
Total                  1.73e-04   5.98e-05   9.67e-08   2.33e-04 100.0%
                          74.3%      25.6%       0.0%
