
==========================================================================
finish report_tns
--------------------------------------------------------------------------
tns max 0.00

==========================================================================
finish report_wns
--------------------------------------------------------------------------
wns max 0.00

==========================================================================
finish report_worst_slack
--------------------------------------------------------------------------
worst slack max 12.23

==========================================================================
finish report_clock_min_period
--------------------------------------------------------------------------
clk period_min = 3.40 fmax = 294.40

==========================================================================
finish report_clock_skew
--------------------------------------------------------------------------
Clock clk
   0.18 source latency x_reg[4]$_SDFFE_PN0P_/CLK ^
  -0.17 target latency y_reg[5]$_SDFFE_PN0P_/CLK ^
   0.20 clock uncertainty
   0.00 CRPR
--------------
   0.21 setup skew


==========================================================================
finish report_checks -path_delay min
--------------------------------------------------------------------------
Startpoint: iter_cnt[0]$_SDFFE_PN0P_
            (rising edge-triggered flip-flop clocked by clk)
Endpoint: iter_cnt[0]$_SDFFE_PN0P_
          (rising edge-triggered flip-flop clocked by clk)
Path Group: clk
Path Type: min

Fanout     Cap    Slew   Delay    Time   Description
-----------------------------------------------------------------------------
                          0.00    0.00   clock clk (rise edge)
                          0.00    0.00   clock source latency
     1    0.02    0.00    0.00    0.00 ^ clk (in)
                                         clk (net)
                  0.00    0.00    0.00 ^ clkbuf_0_clk/A (sg13g2_buf_8)
     8    0.10    0.06    0.08    0.08 ^ clkbuf_0_clk/X (sg13g2_buf_8)
                                         clknet_0_clk (net)
                  0.06    0.01    0.09 ^ clkbuf_3_1__f_clk/A (sg13g2_buf_8)
     5    0.03    0.03    0.09    0.17 ^ clkbuf_3_1__f_clk/X (sg13g2_buf_8)
                                         clknet_3_1__leaf_clk (net)
                  0.03    0.00    0.18 ^ iter_cnt[0]$_SDFFE_PN0P_/CLK (sg13g2_dfrbpq_1)
     3    0.01    0.04    0.18    0.36 v iter_cnt[0]$_SDFFE_PN0P_/Q (sg13g2_dfrbpq_1)
                                         iter_cnt[0] (net)
                  0.04    0.00    0.36 v _1099_/A1 (sg13g2_a21oi_1)
     1    0.00    0.04    0.07    0.43 ^ _1099_/Y (sg13g2_a21oi_1)
                                         _0523_ (net)
                  0.04    0.00    0.43 ^ _1100_/B (sg13g2_nor2_1)
     1    0.00    0.02    0.03    0.46 v _1100_/Y (sg13g2_nor2_1)
                                         _0029_ (net)
                  0.02    0.00    0.46 v iter_cnt[0]$_SDFFE_PN0P_/D (sg13g2_dfrbpq_1)
                                  0.46   data arrival time

                          0.00    0.00   clock clk (rise edge)
                          0.00    0.00   clock source latency
     1    0.02    0.00    0.00    0.00 ^ clk (in)
                                         clk (net)
                  0.00    0.00    0.00 ^ clkbuf_0_clk/A (sg13g2_buf_8)
     8    0.10    0.06    0.08    0.08 ^ clkbuf_0_clk/X (sg13g2_buf_8)
                                         clknet_0_clk (net)
                  0.06    0.01    0.09 ^ clkbuf_3_1__f_clk/A (sg13g2_buf_8)
     5    0.03    0.03    0.09    0.17 ^ clkbuf_3_1__f_clk/X (sg13g2_buf_8)
                                         clknet_3_1__leaf_clk (net)
                  0.03    0.00    0.18 ^ iter_cnt[0]$_SDFFE_PN0P_/CLK (sg13g2_dfrbpq_1)
                          0.20    0.38   clock uncertainty
                          0.00    0.38   clock reconvergence pessimism
                         -0.03    0.34   library hold time
                                  0.34   data required time
-----------------------------------------------------------------------------
                                  0.34   data required time
                                 -0.46   data arrival time
-----------------------------------------------------------------------------
                                  0.11   slack (MET)



==========================================================================
finish report_checks -path_delay max
--------------------------------------------------------------------------
Startpoint: ena (input port clocked by clk)
Endpoint: y_reg[4]$_SDFFE_PN0P_ (rising edge-triggered flip-flop clocked by clk)
Path Group: clk
Path Type: max

Fanout     Cap    Slew   Delay    Time   Description
-----------------------------------------------------------------------------
                          0.00    0.00   clock clk (rise edge)
                          0.00    0.00   clock network delay (propagated)
                          2.00    2.00 ^ input external delay
     1    0.01    0.00    0.00    2.00 ^ ena (in)
                                         ena (net)
                  0.00    0.00    2.00 ^ input53/A (sg13g2_buf_1)
     2    0.01    0.03    0.06    2.06 ^ input53/X (sg13g2_buf_1)
                                         net52 (net)
                  0.03    0.00    2.06 ^ place269/A (sg13g2_buf_1)
     8    0.06    0.24    0.21    2.27 ^ place269/X (sg13g2_buf_1)
                                         net268 (net)
                  0.24    0.00    2.27 ^ _0735_/B (sg13g2_nand2_1)
     6    0.04    0.24    0.29    2.56 v _0735_/Y (sg13g2_nand2_1)
                                         _0188_ (net)
                  0.24    0.00    2.56 v place224/A (sg13g2_buf_1)
     8    0.04    0.14    0.22    2.78 v place224/X (sg13g2_buf_1)
                                         net223 (net)
                  0.14    0.01    2.79 v place223/A (sg13g2_buf_1)
     8    0.03    0.10    0.17    2.96 v place223/X (sg13g2_buf_1)
                                         net222 (net)
                  0.10    0.00    2.96 v _0939_/A1 (sg13g2_o21ai_1)
     1    0.01    0.09    0.13    3.09 ^ _0939_/Y (sg13g2_o21ai_1)
                                         _0379_ (net)
                  0.09    0.00    3.09 ^ _0941_/A2 (sg13g2_a22oi_1)
     1    0.01    0.09    0.10    3.19 v _0941_/Y (sg13g2_a22oi_1)
                                         _0381_ (net)
                  0.09    0.00    3.19 v _0942_/B (sg13g2_nor2_1)
     1    0.00    0.06    0.07    3.25 ^ _0942_/Y (sg13g2_nor2_1)
                                         _0013_ (net)
                  0.06    0.00    3.25 ^ y_reg[4]$_SDFFE_PN0P_/D (sg13g2_dfrbpq_1)
                                  3.25   data arrival time

                         15.62   15.62   clock clk (rise edge)
                          0.00   15.62   clock source latency
     1    0.02    0.00    0.00   15.62 ^ clk (in)
                                         clk (net)
                  0.00    0.00   15.63 ^ clkbuf_0_clk/A (sg13g2_buf_8)
     8    0.10    0.06    0.08   15.71 ^ clkbuf_0_clk/X (sg13g2_buf_8)
                                         clknet_0_clk (net)
                  0.06    0.01   15.72 ^ clkbuf_3_6__f_clk/A (sg13g2_buf_8)
     5    0.03    0.03    0.09   15.80 ^ clkbuf_3_6__f_clk/X (sg13g2_buf_8)
                                         clknet_3_6__leaf_clk (net)
                  0.03    0.00   15.80 ^ y_reg[4]$_SDFFE_PN0P_/CLK (sg13g2_dfrbpq_1)
                         -0.20   15.60   clock uncertainty
                          0.00   15.60   clock reconvergence pessimism
                         -0.12   15.48   library setup time
                                 15.48   data required time
-----------------------------------------------------------------------------
                                 15.48   data required time
                                 -3.25   data arrival time
-----------------------------------------------------------------------------
                                 12.23   slack (MET)



==========================================================================
finish report_checks -unconstrained
--------------------------------------------------------------------------
Startpoint: ena (input port clocked by clk)
Endpoint: y_reg[4]$_SDFFE_PN0P_ (rising edge-triggered flip-flop clocked by clk)
Path Group: clk
Path Type: max

Fanout     Cap    Slew   Delay    Time   Description
-----------------------------------------------------------------------------
                          0.00    0.00   clock clk (rise edge)
                          0.00    0.00   clock network delay (propagated)
                          2.00    2.00 ^ input external delay
     1    0.01    0.00    0.00    2.00 ^ ena (in)
                                         ena (net)
                  0.00    0.00    2.00 ^ input53/A (sg13g2_buf_1)
     2    0.01    0.03    0.06    2.06 ^ input53/X (sg13g2_buf_1)
                                         net52 (net)
                  0.03    0.00    2.06 ^ place269/A (sg13g2_buf_1)
     8    0.06    0.24    0.21    2.27 ^ place269/X (sg13g2_buf_1)
                                         net268 (net)
                  0.24    0.00    2.27 ^ _0735_/B (sg13g2_nand2_1)
     6    0.04    0.24    0.29    2.56 v _0735_/Y (sg13g2_nand2_1)
                                         _0188_ (net)
                  0.24    0.00    2.56 v place224/A (sg13g2_buf_1)
     8    0.04    0.14    0.22    2.78 v place224/X (sg13g2_buf_1)
                                         net223 (net)
                  0.14    0.01    2.79 v place223/A (sg13g2_buf_1)
     8    0.03    0.10    0.17    2.96 v place223/X (sg13g2_buf_1)
                                         net222 (net)
                  0.10    0.00    2.96 v _0939_/A1 (sg13g2_o21ai_1)
     1    0.01    0.09    0.13    3.09 ^ _0939_/Y (sg13g2_o21ai_1)
                                         _0379_ (net)
                  0.09    0.00    3.09 ^ _0941_/A2 (sg13g2_a22oi_1)
     1    0.01    0.09    0.10    3.19 v _0941_/Y (sg13g2_a22oi_1)
                                         _0381_ (net)
                  0.09    0.00    3.19 v _0942_/B (sg13g2_nor2_1)
     1    0.00    0.06    0.07    3.25 ^ _0942_/Y (sg13g2_nor2_1)
                                         _0013_ (net)
                  0.06    0.00    3.25 ^ y_reg[4]$_SDFFE_PN0P_/D (sg13g2_dfrbpq_1)
                                  3.25   data arrival time

                         15.62   15.62   clock clk (rise edge)
                          0.00   15.62   clock source latency
     1    0.02    0.00    0.00   15.62 ^ clk (in)
                                         clk (net)
                  0.00    0.00   15.63 ^ clkbuf_0_clk/A (sg13g2_buf_8)
     8    0.10    0.06    0.08   15.71 ^ clkbuf_0_clk/X (sg13g2_buf_8)
                                         clknet_0_clk (net)
                  0.06    0.01   15.72 ^ clkbuf_3_6__f_clk/A (sg13g2_buf_8)
     5    0.03    0.03    0.09   15.80 ^ clkbuf_3_6__f_clk/X (sg13g2_buf_8)
                                         clknet_3_6__leaf_clk (net)
                  0.03    0.00   15.80 ^ y_reg[4]$_SDFFE_PN0P_/CLK (sg13g2_dfrbpq_1)
                         -0.20   15.60   clock uncertainty
                          0.00   15.60   clock reconvergence pessimism
                         -0.12   15.48   library setup time
                                 15.48   data required time
-----------------------------------------------------------------------------
                                 15.48   data required time
                                 -3.25   data arrival time
-----------------------------------------------------------------------------
                                 12.23   slack (MET)



==========================================================================
finish report_check_types -max_slew -max_cap -max_fanout -violators
--------------------------------------------------------------------------

==========================================================================
finish max_slew_check_slack
--------------------------------------------------------------------------
2.0989203453063965

==========================================================================
finish max_slew_check_limit
--------------------------------------------------------------------------
2.5074000358581543

==========================================================================
finish max_slew_check_slack_limit
--------------------------------------------------------------------------
0.8371

==========================================================================
finish max_fanout_check_slack
--------------------------------------------------------------------------
0.0

==========================================================================
finish max_fanout_check_limit
--------------------------------------------------------------------------
8.0

==========================================================================
finish max_fanout_check_slack_limit
--------------------------------------------------------------------------
0.0000

==========================================================================
finish max_capacitance_check_slack
--------------------------------------------------------------------------
0.2405509054660797

==========================================================================
finish max_capacitance_check_limit
--------------------------------------------------------------------------
0.30000001192092896

==========================================================================
finish max_capacitance_check_slack_limit
--------------------------------------------------------------------------
0.8018

==========================================================================
finish max_slew_violation_count
--------------------------------------------------------------------------
max slew violation count 0

==========================================================================
finish max_fanout_violation_count
--------------------------------------------------------------------------
max fanout violation count 0

==========================================================================
finish max_cap_violation_count
--------------------------------------------------------------------------
max cap violation count 0

==========================================================================
finish setup_violation_count
--------------------------------------------------------------------------
setup violation count 0

==========================================================================
finish hold_violation_count
--------------------------------------------------------------------------
hold violation count 0

==========================================================================
finish report_checks -path_delay max reg to reg
--------------------------------------------------------------------------
Startpoint: iter_cnt[1]$_SDFFE_PN0P_
            (rising edge-triggered flip-flop clocked by clk)
Endpoint: x_reg[8]$_SDFFE_PN0P_ (rising edge-triggered flip-flop clocked by clk)
Path Group: clk
Path Type: max

  Delay    Time   Description
---------------------------------------------------------
   0.00    0.00   clock clk (rise edge)
   0.00    0.00   clock source latency
   0.00    0.00 ^ clk (in)
   0.08    0.08 ^ clkbuf_0_clk/X (sg13g2_buf_8)
   0.09    0.17 ^ clkbuf_3_1__f_clk/X (sg13g2_buf_8)
   0.00    0.18 ^ iter_cnt[1]$_SDFFE_PN0P_/CLK (sg13g2_dfrbpq_1)
   0.23    0.40 ^ iter_cnt[1]$_SDFFE_PN0P_/Q (sg13g2_dfrbpq_1)
   0.23    0.63 ^ place255/X (sg13g2_buf_1)
   0.22    0.86 ^ place254/X (sg13g2_buf_1)
   0.27    1.12 ^ place253/X (sg13g2_buf_1)
   0.22    1.34 v _0640_/X (sg13g2_mux4_1)
   0.11    1.45 ^ _0655_/Y (sg13g2_nand2_1)
   0.22    1.68 v _0656_/Y (sg13g2_nand3b_1)
   0.29    1.97 ^ _0665_/Y (sg13g2_nor4_2)
   0.25    2.21 v _0666_/Y (sg13g2_nand4_1)
   0.17    2.39 v _0667_/X (sg13g2_mux2_1)
   0.12    2.51 v _0670_/Y (sg13g2_nand2b_2)
   0.18    2.69 v place212/X (sg13g2_buf_1)
   0.15    2.84 v _0753_/X (sg13g2_and4_1)
   0.09    2.93 ^ _0755_/Y (sg13g2_nor3_2)
   0.15    3.07 v _0756_/Y (sg13g2_nand4_1)
   0.12    3.19 v _0757_/X (sg13g2_and3_1)
   0.00    3.19 v x_reg[8]$_SDFFE_PN0P_/D (sg13g2_dfrbpq_1)
           3.19   data arrival time

  15.62   15.62   clock clk (rise edge)
   0.00   15.62   clock source latency
   0.00   15.62 ^ clk (in)
   0.08   15.71 ^ clkbuf_0_clk/X (sg13g2_buf_8)
   0.10   15.80 ^ clkbuf_3_3__f_clk/X (sg13g2_buf_8)
   0.00   15.80 ^ x_reg[8]$_SDFFE_PN0P_/CLK (sg13g2_dfrbpq_1)
  -0.20   15.60   clock uncertainty
   0.00   15.60   clock reconvergence pessimism
  -0.11   15.49   library setup time
          15.49   data required time
---------------------------------------------------------
          15.49   data required time
          -3.19   data arrival time
---------------------------------------------------------
          12.30   slack (MET)



==========================================================================
finish report_checks -path_delay min reg to reg
--------------------------------------------------------------------------
Startpoint: iter_cnt[0]$_SDFFE_PN0P_
            (rising edge-triggered flip-flop clocked by clk)
Endpoint: iter_cnt[0]$_SDFFE_PN0P_
          (rising edge-triggered flip-flop clocked by clk)
Path Group: clk
Path Type: min

  Delay    Time   Description
---------------------------------------------------------
   0.00    0.00   clock clk (rise edge)
   0.00    0.00   clock source latency
   0.00    0.00 ^ clk (in)
   0.08    0.08 ^ clkbuf_0_clk/X (sg13g2_buf_8)
   0.09    0.17 ^ clkbuf_3_1__f_clk/X (sg13g2_buf_8)
   0.00    0.18 ^ iter_cnt[0]$_SDFFE_PN0P_/CLK (sg13g2_dfrbpq_1)
   0.18    0.36 v iter_cnt[0]$_SDFFE_PN0P_/Q (sg13g2_dfrbpq_1)
   0.07    0.43 ^ _1099_/Y (sg13g2_a21oi_1)
   0.03    0.46 v _1100_/Y (sg13g2_nor2_1)
   0.00    0.46 v iter_cnt[0]$_SDFFE_PN0P_/D (sg13g2_dfrbpq_1)
           0.46   data arrival time

   0.00    0.00   clock clk (rise edge)
   0.00    0.00   clock source latency
   0.00    0.00 ^ clk (in)
   0.08    0.08 ^ clkbuf_0_clk/X (sg13g2_buf_8)
   0.09    0.17 ^ clkbuf_3_1__f_clk/X (sg13g2_buf_8)
   0.00    0.18 ^ iter_cnt[0]$_SDFFE_PN0P_/CLK (sg13g2_dfrbpq_1)
   0.20    0.38   clock uncertainty
   0.00    0.38   clock reconvergence pessimism
  -0.03    0.34   library hold time
           0.34   data required time
---------------------------------------------------------
           0.34   data required time
          -0.46   data arrival time
---------------------------------------------------------
           0.11   slack (MET)



==========================================================================
finish critical path target clock latency max path
--------------------------------------------------------------------------
0.1792

==========================================================================
finish critical path target clock latency min path
--------------------------------------------------------------------------
0.1800

==========================================================================
finish critical path source clock latency min path
--------------------------------------------------------------------------
0.0000

==========================================================================
finish critical path delay
--------------------------------------------------------------------------
3.2531

==========================================================================
finish critical path slack
--------------------------------------------------------------------------
12.2283

==========================================================================
finish slack div critical path delay
--------------------------------------------------------------------------
375.896837

==========================================================================
finish report_power
--------------------------------------------------------------------------
Group                  Internal  Switching    Leakage      Total
                          Power      Power      Power      Power (Watts)
----------------------------------------------------------------
Sequential             1.35e-04   5.28e-06   1.73e-08   1.40e-04  45.9%
Combinational          3.71e-05   5.41e-05   7.94e-08   9.13e-05  29.9%
Clock                  4.29e-05   3.05e-05   6.94e-07   7.41e-05  24.2%
Macro                  0.00e+00   0.00e+00   0.00e+00   0.00e+00   0.0%
Pad                    0.00e+00   0.00e+00   0.00e+00   0.00e+00   0.0%
----------------------------------------------------------------
Total                  2.15e-04   8.99e-05   7.91e-07   3.06e-04 100.0%
                          70.3%      29.4%       0.3%
