
==========================================================================
cts final report_tns
--------------------------------------------------------------------------
tns max 0.00

==========================================================================
cts final report_wns
--------------------------------------------------------------------------
wns max 0.00

==========================================================================
cts final report_worst_slack
--------------------------------------------------------------------------
worst slack max 12.21

==========================================================================
cts final report_clock_min_period
--------------------------------------------------------------------------
clk period_min = 3.41 fmax = 293.02

==========================================================================
cts final report_clock_skew
--------------------------------------------------------------------------
Clock clk
   0.19 source latency x_reg[4]$_SDFFE_PN0P_/CLK ^
  -0.18 target latency y_reg[5]$_SDFFE_PN0P_/CLK ^
   0.20 clock uncertainty
   0.00 CRPR
--------------
   0.21 setup skew


==========================================================================
cts final report_checks -path_delay min
--------------------------------------------------------------------------
Startpoint: iter_cnt[0]$_SDFFE_PN0P_
            (rising edge-triggered flip-flop clocked by clk)
Endpoint: iter_cnt[0]$_SDFFE_PN0P_
          (rising edge-triggered flip-flop clocked by clk)
Path Group: clk
Path Type: min

Fanout     Cap    Slew   Delay    Time   Description
-----------------------------------------------------------------------------
                          0.00    0.00   clock clk (rise edge)
                          0.00    0.00   clock source latency
     1    0.03    0.00    0.00    0.00 ^ clk (in)
                                         clk (net)
                  0.01    0.00    0.00 ^ clkbuf_0_clk/A (sg13g2_buf_8)
     8    0.10    0.06    0.09    0.09 ^ clkbuf_0_clk/X (sg13g2_buf_8)
                                         clknet_0_clk (net)
                  0.06    0.00    0.10 ^ clkbuf_3_1__f_clk/A (sg13g2_buf_8)
     5    0.03    0.03    0.09    0.18 ^ clkbuf_3_1__f_clk/X (sg13g2_buf_8)
                                         clknet_3_1__leaf_clk (net)
                  0.03    0.00    0.19 ^ iter_cnt[0]$_SDFFE_PN0P_/CLK (sg13g2_dfrbpq_1)
     3    0.01    0.04    0.18    0.37 v iter_cnt[0]$_SDFFE_PN0P_/Q (sg13g2_dfrbpq_1)
                                         iter_cnt[0] (net)
                  0.04    0.00    0.37 v _1099_/A1 (sg13g2_a21oi_1)
     1    0.00    0.04    0.07    0.44 ^ _1099_/Y (sg13g2_a21oi_1)
                                         _0523_ (net)
                  0.04    0.00    0.44 ^ _1100_/B (sg13g2_nor2_1)
     1    0.00    0.02    0.03    0.47 v _1100_/Y (sg13g2_nor2_1)
                                         _0029_ (net)
                  0.02    0.00    0.47 v iter_cnt[0]$_SDFFE_PN0P_/D (sg13g2_dfrbpq_1)
                                  0.47   data arrival time

                          0.00    0.00   clock clk (rise edge)
                          0.00    0.00   clock source latency
     1    0.03    0.00    0.00    0.00 ^ clk (in)
                                         clk (net)
                  0.01    0.00    0.00 ^ clkbuf_0_clk/A (sg13g2_buf_8)
     8    0.10    0.06    0.09    0.09 ^ clkbuf_0_clk/X (sg13g2_buf_8)
                                         clknet_0_clk (net)
                  0.06    0.00    0.10 ^ clkbuf_3_1__f_clk/A (sg13g2_buf_8)
     5    0.03    0.03    0.09    0.18 ^ clkbuf_3_1__f_clk/X (sg13g2_buf_8)
                                         clknet_3_1__leaf_clk (net)
                  0.03    0.00    0.19 ^ iter_cnt[0]$_SDFFE_PN0P_/CLK (sg13g2_dfrbpq_1)
                          0.20    0.39   clock uncertainty
                          0.00    0.39   clock reconvergence pessimism
                         -0.03    0.35   library hold time
                                  0.35   data required time
-----------------------------------------------------------------------------
                                  0.35   data required time
                                 -0.47   data arrival time
-----------------------------------------------------------------------------
                                  0.12   slack (MET)



==========================================================================
cts final report_checks -path_delay max
--------------------------------------------------------------------------
Startpoint: ena (input port clocked by clk)
Endpoint: y_reg[4]$_SDFFE_PN0P_ (rising edge-triggered flip-flop clocked by clk)
Path Group: clk
Path Type: max

Fanout     Cap    Slew   Delay    Time   Description
-----------------------------------------------------------------------------
                          0.00    0.00   clock clk (rise edge)
                          0.00    0.00   clock network delay (propagated)
                          2.00    2.00 ^ input external delay
     1    0.01    0.00    0.00    2.00 ^ ena (in)
                                         ena (net)
                  0.00    0.00    2.00 ^ input53/A (sg13g2_buf_1)
     2    0.01    0.03    0.06    2.06 ^ input53/X (sg13g2_buf_1)
                                         net52 (net)
                  0.03    0.00    2.06 ^ place269/A (sg13g2_buf_1)
     8    0.06    0.26    0.23    2.29 ^ place269/X (sg13g2_buf_1)
                                         net268 (net)
                  0.26    0.00    2.29 ^ _0735_/B (sg13g2_nand2_1)
     6    0.04    0.25    0.30    2.59 v _0735_/Y (sg13g2_nand2_1)
                                         _0188_ (net)
                  0.25    0.00    2.59 v place224/A (sg13g2_buf_1)
     8    0.05    0.15    0.23    2.81 v place224/X (sg13g2_buf_1)
                                         net223 (net)
                  0.15    0.01    2.82 v place223/A (sg13g2_buf_1)
     8    0.03    0.10    0.17    2.99 v place223/X (sg13g2_buf_1)
                                         net222 (net)
                  0.10    0.00    2.99 v _0939_/A1 (sg13g2_o21ai_1)
     1    0.00    0.09    0.12    3.11 ^ _0939_/Y (sg13g2_o21ai_1)
                                         _0379_ (net)
                  0.09    0.00    3.11 ^ _0941_/A2 (sg13g2_a22oi_1)
     1    0.00    0.08    0.09    3.21 v _0941_/Y (sg13g2_a22oi_1)
                                         _0381_ (net)
                  0.08    0.00    3.21 v _0942_/B (sg13g2_nor2_1)
     1    0.00    0.06    0.07    3.28 ^ _0942_/Y (sg13g2_nor2_1)
                                         _0013_ (net)
                  0.06    0.00    3.28 ^ y_reg[4]$_SDFFE_PN0P_/D (sg13g2_dfrbpq_1)
                                  3.28   data arrival time

                         15.62   15.62   clock clk (rise edge)
                          0.00   15.62   clock source latency
     1    0.03    0.00    0.00   15.62 ^ clk (in)
                                         clk (net)
                  0.01    0.00   15.63 ^ clkbuf_0_clk/A (sg13g2_buf_8)
     8    0.10    0.06    0.09   15.72 ^ clkbuf_0_clk/X (sg13g2_buf_8)
                                         clknet_0_clk (net)
                  0.06    0.00   15.72 ^ clkbuf_3_6__f_clk/A (sg13g2_buf_8)
     5    0.04    0.03    0.09   15.81 ^ clkbuf_3_6__f_clk/X (sg13g2_buf_8)
                                         clknet_3_6__leaf_clk (net)
                  0.03    0.00   15.81 ^ y_reg[4]$_SDFFE_PN0P_/CLK (sg13g2_dfrbpq_1)
                         -0.20   15.61   clock uncertainty
                          0.00   15.61   clock reconvergence pessimism
                         -0.12   15.49   library setup time
                                 15.49   data required time
-----------------------------------------------------------------------------
                                 15.49   data required time
                                 -3.28   data arrival time
-----------------------------------------------------------------------------
                                 12.21   slack (MET)



==========================================================================
cts final report_checks -unconstrained
--------------------------------------------------------------------------
Startpoint: ena (input port clocked by clk)
Endpoint: y_reg[4]$_SDFFE_PN0P_ (rising edge-triggered flip-flop clocked by clk)
Path Group: clk
Path Type: max

Fanout     Cap    Slew   Delay    Time   Description
-----------------------------------------------------------------------------
                          0.00    0.00   clock clk (rise edge)
                          0.00    0.00   clock network delay (propagated)
                          2.00    2.00 ^ input external delay
     1    0.01    0.00    0.00    2.00 ^ ena (in)
                                         ena (net)
                  0.00    0.00    2.00 ^ input53/A (sg13g2_buf_1)
     2    0.01    0.03    0.06    2.06 ^ input53/X (sg13g2_buf_1)
                                         net52 (net)
                  0.03    0.00    2.06 ^ place269/A (sg13g2_buf_1)
     8    0.06    0.26    0.23    2.29 ^ place269/X (sg13g2_buf_1)
                                         net268 (net)
                  0.26    0.00    2.29 ^ _0735_/B (sg13g2_nand2_1)
     6    0.04    0.25    0.30    2.59 v _0735_/Y (sg13g2_nand2_1)
                                         _0188_ (net)
                  0.25    0.00    2.59 v place224/A (sg13g2_buf_1)
     8    0.05    0.15    0.23    2.81 v place224/X (sg13g2_buf_1)
                                         net223 (net)
                  0.15    0.01    2.82 v place223/A (sg13g2_buf_1)
     8    0.03    0.10    0.17    2.99 v place223/X (sg13g2_buf_1)
                                         net222 (net)
                  0.10    0.00    2.99 v _0939_/A1 (sg13g2_o21ai_1)
     1    0.00    0.09    0.12    3.11 ^ _0939_/Y (sg13g2_o21ai_1)
                                         _0379_ (net)
                  0.09    0.00    3.11 ^ _0941_/A2 (sg13g2_a22oi_1)
     1    0.00    0.08    0.09    3.21 v _0941_/Y (sg13g2_a22oi_1)
                                         _0381_ (net)
                  0.08    0.00    3.21 v _0942_/B (sg13g2_nor2_1)
     1    0.00    0.06    0.07    3.28 ^ _0942_/Y (sg13g2_nor2_1)
                                         _0013_ (net)
                  0.06    0.00    3.28 ^ y_reg[4]$_SDFFE_PN0P_/D (sg13g2_dfrbpq_1)
                                  3.28   data arrival time

                         15.62   15.62   clock clk (rise edge)
                          0.00   15.62   clock source latency
     1    0.03    0.00    0.00   15.62 ^ clk (in)
                                         clk (net)
                  0.01    0.00   15.63 ^ clkbuf_0_clk/A (sg13g2_buf_8)
     8    0.10    0.06    0.09   15.72 ^ clkbuf_0_clk/X (sg13g2_buf_8)
                                         clknet_0_clk (net)
                  0.06    0.00   15.72 ^ clkbuf_3_6__f_clk/A (sg13g2_buf_8)
     5    0.04    0.03    0.09   15.81 ^ clkbuf_3_6__f_clk/X (sg13g2_buf_8)
                                         clknet_3_6__leaf_clk (net)
                  0.03    0.00   15.81 ^ y_reg[4]$_SDFFE_PN0P_/CLK (sg13g2_dfrbpq_1)
                         -0.20   15.61   clock uncertainty
                          0.00   15.61   clock reconvergence pessimism
                         -0.12   15.49   library setup time
                                 15.49   data required time
-----------------------------------------------------------------------------
                                 15.49   data required time
                                 -3.28   data arrival time
-----------------------------------------------------------------------------
                                 12.21   slack (MET)



==========================================================================
cts final report_check_types -max_slew -max_cap -max_fanout -violators
--------------------------------------------------------------------------

==========================================================================
cts final max_slew_check_slack
--------------------------------------------------------------------------
2.0750138759613037

==========================================================================
cts final max_slew_check_limit
--------------------------------------------------------------------------
2.5074000358581543

==========================================================================
cts final max_slew_check_slack_limit
--------------------------------------------------------------------------
0.8276

==========================================================================
cts final max_fanout_check_slack
--------------------------------------------------------------------------
0.0

==========================================================================
cts final max_fanout_check_limit
--------------------------------------------------------------------------
8.0

==========================================================================
cts final max_fanout_check_slack_limit
--------------------------------------------------------------------------
0.0000

==========================================================================
cts final max_capacitance_check_slack
--------------------------------------------------------------------------
0.2376895546913147

==========================================================================
cts final max_capacitance_check_limit
--------------------------------------------------------------------------
0.30000001192092896

==========================================================================
cts final max_capacitance_check_slack_limit
--------------------------------------------------------------------------
0.7923

==========================================================================
cts final max_slew_violation_count
--------------------------------------------------------------------------
max slew violation count 0

==========================================================================
cts final max_fanout_violation_count
--------------------------------------------------------------------------
max fanout violation count 0

==========================================================================
cts final max_cap_violation_count
--------------------------------------------------------------------------
max cap violation count 0

==========================================================================
cts final setup_violation_count
--------------------------------------------------------------------------
setup violation count 0

==========================================================================
cts final hold_violation_count
--------------------------------------------------------------------------
hold violation count 0

==========================================================================
cts final report_checks -path_delay max reg to reg
--------------------------------------------------------------------------
Startpoint: iter_cnt[1]$_SDFFE_PN0P_
            (rising edge-triggered flip-flop clocked by clk)
Endpoint: x_reg[8]$_SDFFE_PN0P_ (rising edge-triggered flip-flop clocked by clk)
Path Group: clk
Path Type: max

  Delay    Time   Description
---------------------------------------------------------
   0.00    0.00   clock clk (rise edge)
   0.00    0.00   clock source latency
   0.00    0.00 ^ clk (in)
   0.09    0.09 ^ clkbuf_0_clk/X (sg13g2_buf_8)
   0.09    0.18 ^ clkbuf_3_1__f_clk/X (sg13g2_buf_8)
   0.00    0.19 ^ iter_cnt[1]$_SDFFE_PN0P_/CLK (sg13g2_dfrbpq_1)
   0.23    0.42 ^ iter_cnt[1]$_SDFFE_PN0P_/Q (sg13g2_dfrbpq_1)
   0.23    0.65 ^ place255/X (sg13g2_buf_1)
   0.22    0.87 ^ place254/X (sg13g2_buf_1)
   0.26    1.13 ^ place253/X (sg13g2_buf_1)
   0.22    1.35 v _0640_/X (sg13g2_mux4_1)
   0.11    1.45 ^ _0655_/Y (sg13g2_nand2_1)
   0.22    1.68 v _0656_/Y (sg13g2_nand3b_1)
   0.29    1.96 ^ _0665_/Y (sg13g2_nor4_2)
   0.24    2.20 v _0666_/Y (sg13g2_nand4_1)
   0.17    2.37 v _0667_/X (sg13g2_mux2_1)
   0.12    2.49 v _0670_/Y (sg13g2_nand2b_2)
   0.18    2.67 v place212/X (sg13g2_buf_1)
   0.15    2.82 v _0753_/X (sg13g2_and4_1)
   0.09    2.91 ^ _0755_/Y (sg13g2_nor3_2)
   0.14    3.05 v _0756_/Y (sg13g2_nand4_1)
   0.12    3.17 v _0757_/X (sg13g2_and3_1)
   0.00    3.17 v x_reg[8]$_SDFFE_PN0P_/D (sg13g2_dfrbpq_1)
           3.17   data arrival time

  15.62   15.62   clock clk (rise edge)
   0.00   15.62   clock source latency
   0.00   15.62 ^ clk (in)
   0.09   15.72 ^ clkbuf_0_clk/X (sg13g2_buf_8)
   0.09   15.81 ^ clkbuf_3_3__f_clk/X (sg13g2_buf_8)
   0.00   15.81 ^ x_reg[8]$_SDFFE_PN0P_/CLK (sg13g2_dfrbpq_1)
  -0.20   15.61   clock uncertainty
   0.00   15.61   clock reconvergence pessimism
  -0.11   15.50   library setup time
          15.50   data required time
---------------------------------------------------------
          15.50   data required time
          -3.17   data arrival time
---------------------------------------------------------
          12.32   slack (MET)



==========================================================================
cts final report_checks -path_delay min reg to reg
--------------------------------------------------------------------------
Startpoint: iter_cnt[0]$_SDFFE_PN0P_
            (rising edge-triggered flip-flop clocked by clk)
Endpoint: iter_cnt[0]$_SDFFE_PN0P_
          (rising edge-triggered flip-flop clocked by clk)
Path Group: clk
Path Type: min

  Delay    Time   Description
---------------------------------------------------------
   0.00    0.00   clock clk (rise edge)
   0.00    0.00   clock source latency
   0.00    0.00 ^ clk (in)
   0.09    0.09 ^ clkbuf_0_clk/X (sg13g2_buf_8)
   0.09    0.18 ^ clkbuf_3_1__f_clk/X (sg13g2_buf_8)
   0.00    0.19 ^ iter_cnt[0]$_SDFFE_PN0P_/CLK (sg13g2_dfrbpq_1)
   0.18    0.37 v iter_cnt[0]$_SDFFE_PN0P_/Q (sg13g2_dfrbpq_1)
   0.07    0.44 ^ _1099_/Y (sg13g2_a21oi_1)
   0.03    0.47 v _1100_/Y (sg13g2_nor2_1)
   0.00    0.47 v iter_cnt[0]$_SDFFE_PN0P_/D (sg13g2_dfrbpq_1)
           0.47   data arrival time

   0.00    0.00   clock clk (rise edge)
   0.00    0.00   clock source latency
   0.00    0.00 ^ clk (in)
   0.09    0.09 ^ clkbuf_0_clk/X (sg13g2_buf_8)
   0.09    0.18 ^ clkbuf_3_1__f_clk/X (sg13g2_buf_8)
   0.00    0.19 ^ iter_cnt[0]$_SDFFE_PN0P_/CLK (sg13g2_dfrbpq_1)
   0.20    0.39   clock uncertainty
   0.00    0.39   clock reconvergence pessimism
  -0.03    0.35   library hold time
           0.35   data required time
---------------------------------------------------------
           0.35   data required time
          -0.47   data arrival time
---------------------------------------------------------
           0.12   slack (MET)



==========================================================================
cts final critical path target clock latency max path
--------------------------------------------------------------------------
0.1868

==========================================================================
cts final critical path target clock latency min path
--------------------------------------------------------------------------
0.1871

==========================================================================
cts final critical path source clock latency min path
--------------------------------------------------------------------------
0.0000

==========================================================================
cts final critical path delay
--------------------------------------------------------------------------
3.2762

==========================================================================
cts final critical path slack
--------------------------------------------------------------------------
12.2123

==========================================================================
cts final slack div critical path delay
--------------------------------------------------------------------------
372.758073

==========================================================================
cts final report_power
--------------------------------------------------------------------------
Group                  Internal  Switching    Leakage      Total
                          Power      Power      Power      Power (Watts)
----------------------------------------------------------------
Sequential             1.35e-04   5.47e-06   1.73e-08   1.41e-04  45.6%
Combinational          3.71e-05   5.49e-05   7.94e-08   9.20e-05  29.9%
Clock                  4.29e-05   3.26e-05   6.42e-09   7.55e-05  24.5%
Macro                  0.00e+00   0.00e+00   0.00e+00   0.00e+00   0.0%
Pad                    0.00e+00   0.00e+00   0.00e+00   0.00e+00   0.0%
----------------------------------------------------------------
Total                  2.15e-04   9.29e-05   1.03e-07   3.08e-04 100.0%
                          69.8%      30.2%       0.0%
